---
source: src/strace/parser/mod.rs
expression: "parse_line(\"813299      0.000023 connect(93, {sa_family=AF_INET6, sin6_port=htons(0), sin6_flowinfo=htonl(0), inet_pton(AF_INET6, \\\"\\\\x12\\\\x34\\\", &sin6_addr), sin6_scope_id=0}, 28) = 0\",).unwrap()"
---
Syscall(Syscall(
  pid: 813299,
  rel_ts: 0.000023,
  name: "connect",
  args: [
    Integer(IntegerExpression(
      value: Literal(93),
      metadata: None,
    )),
    Struct({
      "sa_family": Integer(IntegerExpression(
        value: NamedSymbol("AF_INET6"),
        metadata: None,
      )),
      "sin6_addr": Integer(IntegerExpression(
        value: Macro(
          name: "inet_pton",
          args: [
            Integer(IntegerExpression(
              value: NamedSymbol("AF_INET6"),
              metadata: None,
            )),
            Buffer(BufferExpression(
              value: [
                18,
                52,
              ],
              type_: Unknown,
            )),
            DestinationAddress("sin6_addr"),
          ],
        ),
        metadata: None,
      )),
      "sin6_flowinfo": Integer(IntegerExpression(
        value: Macro(
          name: "htonl",
          args: [
            Integer(IntegerExpression(
              value: Literal(0),
              metadata: None,
            )),
          ],
        ),
        metadata: None,
      )),
      "sin6_port": Integer(IntegerExpression(
        value: Macro(
          name: "htons",
          args: [
            Integer(IntegerExpression(
              value: Literal(0),
              metadata: None,
            )),
          ],
        ),
        metadata: None,
      )),
      "sin6_scope_id": Integer(IntegerExpression(
        value: Literal(0),
        metadata: None,
      )),
    }),
    Integer(IntegerExpression(
      value: Literal(28),
      metadata: None,
    )),
  ],
  ret_val: IntegerExpression(
    value: Literal(0),
    metadata: None,
  ),
))
