---
source: src/strace/parser/mod.rs
expression: "parse_line(\"51667      0.000002 kill(51668, 0)      = 0\").unwrap()"
---
Syscall(Syscall(
  pid: 51667,
  rel_ts: 0.000002,
  name: "kill",
  args: [
    Integer(IntegerExpression(
      value: Literal(51668),
      metadata: None,
    )),
    Integer(IntegerExpression(
      value: Literal(0),
      metadata: None,
    )),
  ],
  ret_val: IntegerExpression(
    value: Literal(0),
    metadata: None,
  ),
))
