---
source: src/strace/parser/mod.rs
expression: "parse_line(\"237494      0.000026 getpeername(3, {sa_family=AF_UNIX, sun_path=@\\\"\\\\x6e\\\\x6f\\\\x70\\\\x65\\\"}, [124 => 20]) = 0\",).unwrap()"
---
Syscall(Syscall(
  pid: 237494,
  rel_ts: 0.000026,
  name: "getpeername",
  args: [
    Integer(IntegerExpression(
      value: Literal(3),
      metadata: None,
    )),
    Struct({
      "sa_family": Integer(IntegerExpression(
        value: NamedSymbol("AF_UNIX"),
        metadata: None,
      )),
      "sun_path": Buffer(BufferExpression(
        value: [
          110,
          111,
          112,
          101,
        ],
        type_: AbstractPath,
      )),
    }),
    Integer(IntegerExpression(
      value: Literal(124),
      metadata: None,
    )),
  ],
  ret_val: IntegerExpression(
    value: Literal(0),
    metadata: None,
  ),
))
