---
source: src/strace/parser/mod.rs
expression: "parse_line(\"34274      0.000058 ioctl(1<\\\\x2f\\\\x64\\\\x65\\\\x76\\\\x2f\\\\x70\\\\x74\\\\x73\\\\x2f\\\\x30>, TCSETSW, {c_iflag=ICRNL|IXON|IUTF8, c_oflag=NL0|CR0|TAB0|BS0|VT0|FF0|OPOST|ONLCR, c_cflag=B38400|CS8|CREAD, c_lflag=ISIG|ICANON|ECHO|ECHOE|ECHOK|IEXTEN|ECHOCTL|ECHOKE, c_line=N_TTY, c_cc=[[VINTR]=0x3, [VQUIT]=0x1c, [VERASE]=0x7f, [VKILL]=0x15, [VEOF]=0x4, [VTIME]=0, [VMIN]=0x1, [VSWTC]=0, [VSTART]=0x11, [VSTOP]=0x13, [VSUSP]=0x1a, [VEOL]=0, [VREPRINT]=0x12, [VDISCARD]=0xf, [VWERASE]=0x17, [VLNEXT]=0x16, [VEOL2]=0, [17]=0, [18]=0]}) = 0\",).unwrap()"
---
Syscall(Syscall(
  pid: 34274,
  rel_ts: 0.000058,
  name: "ioctl",
  args: [
    Integer(IntegerExpression(
      value: Literal(1),
      metadata: Some([
        47,
        100,
        101,
        118,
        47,
        112,
        116,
        115,
        47,
        48,
      ]),
    )),
    Integer(IntegerExpression(
      value: NamedSymbol("TCSETSW"),
      metadata: None,
    )),
    Struct({
      "c_cc": Collection(
        complement: false,
        values: [
          (Some(IntegerExpression(
            value: NamedSymbol("VINTR"),
            metadata: None,
          )), Integer(IntegerExpression(
            value: Literal(3),
            metadata: None,
          ))),
          (Some(IntegerExpression(
            value: NamedSymbol("VQUIT"),
            metadata: None,
          )), Integer(IntegerExpression(
            value: Literal(28),
            metadata: None,
          ))),
          (Some(IntegerExpression(
            value: NamedSymbol("VERASE"),
            metadata: None,
          )), Integer(IntegerExpression(
            value: Literal(127),
            metadata: None,
          ))),
          (Some(IntegerExpression(
            value: NamedSymbol("VKILL"),
            metadata: None,
          )), Integer(IntegerExpression(
            value: Literal(21),
            metadata: None,
          ))),
          (Some(IntegerExpression(
            value: NamedSymbol("VEOF"),
            metadata: None,
          )), Integer(IntegerExpression(
            value: Literal(4),
            metadata: None,
          ))),
          (Some(IntegerExpression(
            value: NamedSymbol("VTIME"),
            metadata: None,
          )), Integer(IntegerExpression(
            value: Literal(0),
            metadata: None,
          ))),
          (Some(IntegerExpression(
            value: NamedSymbol("VMIN"),
            metadata: None,
          )), Integer(IntegerExpression(
            value: Literal(1),
            metadata: None,
          ))),
          (Some(IntegerExpression(
            value: NamedSymbol("VSWTC"),
            metadata: None,
          )), Integer(IntegerExpression(
            value: Literal(0),
            metadata: None,
          ))),
          (Some(IntegerExpression(
            value: NamedSymbol("VSTART"),
            metadata: None,
          )), Integer(IntegerExpression(
            value: Literal(17),
            metadata: None,
          ))),
          (Some(IntegerExpression(
            value: NamedSymbol("VSTOP"),
            metadata: None,
          )), Integer(IntegerExpression(
            value: Literal(19),
            metadata: None,
          ))),
          (Some(IntegerExpression(
            value: NamedSymbol("VSUSP"),
            metadata: None,
          )), Integer(IntegerExpression(
            value: Literal(26),
            metadata: None,
          ))),
          (Some(IntegerExpression(
            value: NamedSymbol("VEOL"),
            metadata: None,
          )), Integer(IntegerExpression(
            value: Literal(0),
            metadata: None,
          ))),
          (Some(IntegerExpression(
            value: NamedSymbol("VREPRINT"),
            metadata: None,
          )), Integer(IntegerExpression(
            value: Literal(18),
            metadata: None,
          ))),
          (Some(IntegerExpression(
            value: NamedSymbol("VDISCARD"),
            metadata: None,
          )), Integer(IntegerExpression(
            value: Literal(15),
            metadata: None,
          ))),
          (Some(IntegerExpression(
            value: NamedSymbol("VWERASE"),
            metadata: None,
          )), Integer(IntegerExpression(
            value: Literal(23),
            metadata: None,
          ))),
          (Some(IntegerExpression(
            value: NamedSymbol("VLNEXT"),
            metadata: None,
          )), Integer(IntegerExpression(
            value: Literal(22),
            metadata: None,
          ))),
          (Some(IntegerExpression(
            value: NamedSymbol("VEOL2"),
            metadata: None,
          )), Integer(IntegerExpression(
            value: Literal(0),
            metadata: None,
          ))),
          (Some(IntegerExpression(
            value: Literal(17),
            metadata: None,
          )), Integer(IntegerExpression(
            value: Literal(0),
            metadata: None,
          ))),
          (Some(IntegerExpression(
            value: Literal(18),
            metadata: None,
          )), Integer(IntegerExpression(
            value: Literal(0),
            metadata: None,
          ))),
        ],
      ),
      "c_cflag": Integer(IntegerExpression(
        value: BinaryOr([
          NamedSymbol("B38400"),
          NamedSymbol("CS8"),
          NamedSymbol("CREAD"),
        ]),
        metadata: None,
      )),
      "c_iflag": Integer(IntegerExpression(
        value: BinaryOr([
          NamedSymbol("ICRNL"),
          NamedSymbol("IXON"),
          NamedSymbol("IUTF8"),
        ]),
        metadata: None,
      )),
      "c_lflag": Integer(IntegerExpression(
        value: BinaryOr([
          NamedSymbol("ISIG"),
          NamedSymbol("ICANON"),
          NamedSymbol("ECHO"),
          NamedSymbol("ECHOE"),
          NamedSymbol("ECHOK"),
          NamedSymbol("IEXTEN"),
          NamedSymbol("ECHOCTL"),
          NamedSymbol("ECHOKE"),
        ]),
        metadata: None,
      )),
      "c_line": Integer(IntegerExpression(
        value: NamedSymbol("N_TTY"),
        metadata: None,
      )),
      "c_oflag": Integer(IntegerExpression(
        value: BinaryOr([
          NamedSymbol("NL0"),
          NamedSymbol("CR0"),
          NamedSymbol("TAB0"),
          NamedSymbol("BS0"),
          NamedSymbol("VT0"),
          NamedSymbol("FF0"),
          NamedSymbol("OPOST"),
          NamedSymbol("ONLCR"),
        ]),
        metadata: None,
      )),
    }),
  ],
  ret_val: IntegerExpression(
    value: Literal(0),
    metadata: None,
  ),
))
