---
source: tests/options.rs
expression: "shh_run_options(&[\"python3\", \"-c\",\n\"import os; os.sched_setscheduler(0, os.SCHED_RR, os.sched_param(os.sched_get_priority_min(os.SCHED_RR)))\"])"
---
ProtectSystem=strict
ProtectHome=true
PrivateTmp=disconnected
PrivateDevices=true
PrivateMounts=true
ProtectKernelTunables=true
ProtectKernelModules=true
ProtectKernelLogs=true
ProtectControlGroups=true
ProtectProc=ptraceable
LockPersonality=true
ProtectClock=true
MemoryDenyWriteExecute=true
RestrictAddressFamilies=AF_UNIX
SocketBindDeny=ipv4:tcp
SocketBindDeny=ipv4:udp
SocketBindDeny=ipv6:tcp
SocketBindDeny=ipv6:udp
CapabilityBoundingSet=~CAP_BLOCK_SUSPEND CAP_BPF CAP_CHOWN CAP_IPC_LOCK CAP_KILL CAP_MKNOD CAP_NET_RAW CAP_PERFMON CAP_SYS_BOOT CAP_SYS_CHROOT CAP_SYS_MODULE CAP_SYS_PACCT CAP_SYS_PTRACE CAP_SYS_TIME CAP_SYS_TTY_CONFIG CAP_SYSLOG CAP_WAKE_ALARM
SystemCallFilter=~@aio:EPERM @chown:EPERM @clock:EPERM @cpu-emulation:EPERM @debug:EPERM @io-event:EPERM @ipc:EPERM @keyring:EPERM @memlock:EPERM @module:EPERM @mount:EPERM @obsolete:EPERM @pkey:EPERM @privileged:EPERM @process:EPERM @raw-io:EPERM @reboot:EPERM @sandbox:EPERM @setuid:EPERM @swap:EPERM @sync:EPERM @timer:EPERM
