---
source: tests/options.rs
expression: "shh_run_options(&[\"su\", \"testuser\", \"xvfb-run\", \"timeout\", \"10\", \"gimp\"])"
---
PrivateDevices=true
PrivateMounts=true
ProtectKernelTunables=true
ProtectKernelModules=true
ProtectKernelLogs=true
ProtectControlGroups=true
LockPersonality=true
RestrictRealtime=true
ProtectClock=true
RestrictAddressFamilies=AF_NETLINK AF_UNIX
SocketBindDeny=ipv4:tcp
SocketBindDeny=ipv4:udp
SocketBindDeny=ipv6:tcp
SocketBindDeny=ipv6:udp
CapabilityBoundingSet=~CAP_BLOCK_SUSPEND CAP_BPF CAP_CHOWN CAP_IPC_LOCK CAP_MKNOD CAP_NET_RAW CAP_PERFMON CAP_SYS_BOOT CAP_SYS_CHROOT CAP_SYS_MODULE CAP_SYS_PACCT CAP_SYS_PTRACE CAP_SYS_TIME CAP_SYSLOG CAP_WAKE_ALARM
SystemCallFilter=~@aio:EPERM @chown:EPERM @clock:EPERM @cpu-emulation:EPERM @debug:EPERM @keyring:EPERM @memlock:EPERM @module:EPERM @mount:EPERM @obsolete:EPERM @pkey:EPERM @raw-io:EPERM @reboot:EPERM @sandbox:EPERM @swap:EPERM @sync:EPERM
